
> yardim-yonetim-paneli@0.1.0 test
> vitest --run src/components/layout/__tests__/sidebar.spec.tsx --reporter=json

{"numTotalTestSuites":7,"numPassedTestSuites":1,"numFailedTestSuites":6,"numPendingTestSuites":0,"numTotalTests":17,"numPassedTests":5,"numFailedTests":12,"numPendingTests":0,"numTodoTests":0,"snapshot":{"added":0,"failure":false,"filesAdded":0,"filesRemoved":0,"filesRemovedList":[],"filesUnmatched":0,"filesUpdated":0,"matched":0,"total":0,"unchecked":0,"uncheckedKeysByFile":[],"unmatched":0,"updated":0,"didUpdate":false},"startTime":1769432820804,"success":false,"testResults":[{"assertionResults":[{"ancestorTitles":["Sidebar","Rendering"],"fullName":"Sidebar Rendering should render sidebar with navigation landmark","status":"failed","title":"should render sidebar with navigation landmark","duration":88.94479999999999,"failureMessages":["TestingLibraryElementError: Unable to find an accessible element with the role \"navigation\"\n\nHere are the accessible roles:\n\n  complementary:\n\n  Name \"Ana navigasyon\":\n  \u001b[36m<aside\u001b[39m\n    \u001b[33maria-label\u001b[39m=\u001b[32m\"Ana navigasyon\"\u001b[39m\n    \u001b[33mclass\u001b[39m=\u001b[32m\"fixed left-0 top-0 z-40 h-screen w-64 border-r shadow-xl bg-sidebar border-sidebar-border\"\u001b[39m\n  \u001b[36m/>\u001b[39m\n\n  --------------------------------------------------\n\nIgnored nodes: comments, script, style\n\u001b[36m<body>\u001b[39m\n  \u001b[36m<div>\u001b[39m\n    \u001b[36m<aside\u001b[39m\n      \u001b[33maria-label\u001b[39m=\u001b[32m\"Ana navigasyon\"\u001b[39m\n      \u001b[33mclass\u001b[39m=\u001b[32m\"fixed left-0 top-0 z-40 h-screen w-64 border-r shadow-xl bg-sidebar border-sidebar-border\"\u001b[39m\n    \u001b[36m>\u001b[39m\n      \u001b[36m<div\u001b[39m\n        \u001b[33mclass\u001b[39m=\u001b[32m\"flex h-16 items-center border-b px-6 border-sidebar-border\"\u001b[39m\n      \u001b[36m>\u001b[39m\n        \u001b[36m<div\u001b[39m\n          \u001b[33mclass\u001b[39m=\u001b[32m\"flex items-center gap-3\"\u001b[39m\n        \u001b[36m>\u001b[39m\n          \u001b[36m<div\u001b[39m\n            \u001b[33mclass\u001b[39m=\u001b[32m\"flex h-8 w-8 items-center justify-center rounded-lg bg-primary text-white shadow-lg shadow-primary/20\"\u001b[39m\n          \u001b[36m>\u001b[39m\n            \u001b[36m<svg\u001b[39m\n              \u001b[33maria-hidden\u001b[39m=\u001b[32m\"true\"\u001b[39m\n              \u001b[33mclass\u001b[39m=\u001b[32m\"lucide lucide-heart h-4 w-4 fill-current\"\u001b[39m\n              \u001b[33mfill\u001b[39m=\u001b[32m\"none\"\u001b[39m\n              \u001b[33mheight\u001b[39m=\u001b[32m\"24\"\u001b[39m\n              \u001b[33mstroke\u001b[39m=\u001b[32m\"currentColor\"\u001b[39m\n              \u001b[33mstroke-linecap\u001b[39m=\u001b[32m\"round\"\u001b[39m\n              \u001b[33mstroke-linejoin\u001b[39m=\u001b[32m\"round\"\u001b[39m\n              \u001b[33mstroke-width\u001b[39m=\u001b[32m\"2\"\u001b[39m\n              \u001b[33mviewBox\u001b[39m=\u001b[32m\"0 0 24 24\"\u001b[39m\n              \u001b[33mwidth\u001b[39m=\u001b[32m\"24\"\u001b[39m\n              \u001b[33mxmlns\u001b[39m=\u001b[32m\"http://www.w3.org/2000/svg\"\u001b[39m\n            \u001b[36m>\u001b[39m\n              \u001b[36m<path\u001b[39m\n                \u001b[33md\u001b[39m=\u001b[32m\"M2 9.5a5.5 5.5 0 0 1 9.591-3.676.56.56 0 0 0 .818 0A5.49 5.49 0 0 1 22 9.5c0 2.29-1.5 4-3 5.5l-5.492 5.313a2 2 0 0 1-3 .019L5 15c-1.5-1.5-3-3.2-3-5.5\"\u001b[39m\n              \u001b[36m/>\u001b[39m\n            \u001b[36m</svg>\u001b[39m\n          \u001b[36m</div>\u001b[39m\n          \u001b[36m<span\u001b[39m\n            \u001b[33mclass\u001b[39m=\u001b[32m\"text-sm font-bold tracking-tight text-white uppercase\"\u001b[39m\n          \u001b[36m>\u001b[39m\n            \u001b[0mYARDIM PANEL─░\u001b[0m\n          \u001b[36m</span>\u001b[39m\n        \u001b[36m</div>\u001b[39m\n      \u001b[36m</div>\u001b[39m\n    \u001b[36m</aside>\u001b[39m\n  \u001b[36m</div>\u001b[39m\n\u001b[36m</body>\u001b[39m\n    at Object.getElementError (C:\\Program Files\\final\\node_modules\\@testing-library\\dom\\dist\\config.js:37:19)\n    at C:\\Program Files\\final\\node_modules\\@testing-library\\dom\\dist\\query-helpers.js:76:38\n    at C:\\Program Files\\final\\node_modules\\@testing-library\\dom\\dist\\query-helpers.js:52:17\n    at C:\\Program Files\\final\\node_modules\\@testing-library\\dom\\dist\\query-helpers.js:95:19\n    at C:/Program Files/final/src/components/layout/__tests__/sidebar.spec.tsx:82:36\n    at file:///C:/Program%20Files/final/node_modules/@vitest/runner/dist/index.js:145:11\n    at file:///C:/Program%20Files/final/node_modules/@vitest/runner/dist/index.js:915:26\n    at file:///C:/Program%20Files/final/node_modules/@vitest/runner/dist/index.js:1243:20\n    at new Promise (<anonymous>)\n    at runWithTimeout (file:///C:/Program%20Files/final/node_modules/@vitest/runner/dist/index.js:1209:10)"],"meta":{}},{"ancestorTitles":["Sidebar","Rendering"],"fullName":"Sidebar Rendering should render logo and brand name when expanded","status":"passed","title":"should render logo and brand name when expanded","duration":2.479600000000005,"failureMessages":[],"meta":{}},{"ancestorTitles":["Sidebar","Rendering"],"fullName":"Sidebar Rendering should render menu items from config","status":"failed","title":"should render menu items from config","duration":2.252200000000016,"failureMessages":["TestingLibraryElementError: Unable to find an element with the text: Dashboard. This could be because the text is broken up by multiple elements. In this case, you can provide a function for your text matcher to make your matcher more flexible.\n\nIgnored nodes: comments, script, style\n\u001b[36m<body>\u001b[39m\n  \u001b[36m<div>\u001b[39m\n    \u001b[36m<aside\u001b[39m\n      \u001b[33maria-label\u001b[39m=\u001b[32m\"Ana navigasyon\"\u001b[39m\n      \u001b[33mclass\u001b[39m=\u001b[32m\"fixed left-0 top-0 z-40 h-screen w-64 border-r shadow-xl bg-sidebar border-sidebar-border\"\u001b[39m\n    \u001b[36m>\u001b[39m\n      \u001b[36m<div\u001b[39m\n        \u001b[33mclass\u001b[39m=\u001b[32m\"flex h-16 items-center border-b px-6 border-sidebar-border\"\u001b[39m\n      \u001b[36m>\u001b[39m\n        \u001b[36m<div\u001b[39m\n          \u001b[33mclass\u001b[39m=\u001b[32m\"flex items-center gap-3\"\u001b[39m\n        \u001b[36m>\u001b[39m\n          \u001b[36m<div\u001b[39m\n            \u001b[33mclass\u001b[39m=\u001b[32m\"flex h-8 w-8 items-center justify-center rounded-lg bg-primary text-white shadow-lg shadow-primary/20\"\u001b[39m\n          \u001b[36m>\u001b[39m\n            \u001b[36m<svg\u001b[39m\n              \u001b[33maria-hidden\u001b[39m=\u001b[32m\"true\"\u001b[39m\n              \u001b[33mclass\u001b[39m=\u001b[32m\"lucide lucide-heart h-4 w-4 fill-current\"\u001b[39m\n              \u001b[33mfill\u001b[39m=\u001b[32m\"none\"\u001b[39m\n              \u001b[33mheight\u001b[39m=\u001b[32m\"24\"\u001b[39m\n              \u001b[33mstroke\u001b[39m=\u001b[32m\"currentColor\"\u001b[39m\n              \u001b[33mstroke-linecap\u001b[39m=\u001b[32m\"round\"\u001b[39m\n              \u001b[33mstroke-linejoin\u001b[39m=\u001b[32m\"round\"\u001b[39m\n              \u001b[33mstroke-width\u001b[39m=\u001b[32m\"2\"\u001b[39m\n              \u001b[33mviewBox\u001b[39m=\u001b[32m\"0 0 24 24\"\u001b[39m\n              \u001b[33mwidth\u001b[39m=\u001b[32m\"24\"\u001b[39m\n              \u001b[33mxmlns\u001b[39m=\u001b[32m\"http://www.w3.org/2000/svg\"\u001b[39m\n            \u001b[36m>\u001b[39m\n              \u001b[36m<path\u001b[39m\n                \u001b[33md\u001b[39m=\u001b[32m\"M2 9.5a5.5 5.5 0 0 1 9.591-3.676.56.56 0 0 0 .818 0A5.49 5.49 0 0 1 22 9.5c0 2.29-1.5 4-3 5.5l-5.492 5.313a2 2 0 0 1-3 .019L5 15c-1.5-1.5-3-3.2-3-5.5\"\u001b[39m\n              \u001b[36m/>\u001b[39m\n            \u001b[36m</svg>\u001b[39m\n          \u001b[36m</div>\u001b[39m\n          \u001b[36m<span\u001b[39m\n            \u001b[33mclass\u001b[39m=\u001b[32m\"text-sm font-bold tracking-tight text-white uppercase\"\u001b[39m\n          \u001b[36m>\u001b[39m\n            \u001b[0mYARDIM PANEL─░\u001b[0m\n          \u001b[36m</span>\u001b[39m\n        \u001b[36m</div>\u001b[39m\n      \u001b[36m</div>\u001b[39m\n    \u001b[36m</aside>\u001b[39m\n  \u001b[36m</div>\u001b[39m\n\u001b[36m</body>\u001b[39m\n    at Object.getElementError (C:\\Program Files\\final\\node_modules\\@testing-library\\dom\\dist\\config.js:37:19)\n    at C:\\Program Files\\final\\node_modules\\@testing-library\\dom\\dist\\query-helpers.js:76:38\n    at C:\\Program Files\\final\\node_modules\\@testing-library\\dom\\dist\\query-helpers.js:52:17\n    at C:\\Program Files\\final\\node_modules\\@testing-library\\dom\\dist\\query-helpers.js:95:19\n    at C:/Program Files/final/src/components/layout/__tests__/sidebar.spec.tsx:97:27\n    at file:///C:/Program%20Files/final/node_modules/@vitest/runner/dist/index.js:145:11\n    at file:///C:/Program%20Files/final/node_modules/@vitest/runner/dist/index.js:915:26\n    at file:///C:/Program%20Files/final/node_modules/@vitest/runner/dist/index.js:1243:20\n    at new Promise (<anonymous>)\n    at runWithTimeout (file:///C:/Program%20Files/final/node_modules/@vitest/runner/dist/index.js:1209:10)"],"meta":{}},{"ancestorTitles":["Sidebar","Rendering"],"fullName":"Sidebar Rendering should render settings link in footer","status":"failed","title":"should render settings link in footer","duration":1.8069000000000415,"failureMessages":["TestingLibraryElementError: Unable to find an element with the text: Ayarlar. This could be because the text is broken up by multiple elements. In this case, you can provide a function for your text matcher to make your matcher more flexible.\n\nIgnored nodes: comments, script, style\n\u001b[36m<body>\u001b[39m\n  \u001b[36m<div>\u001b[39m\n    \u001b[36m<aside\u001b[39m\n      \u001b[33maria-label\u001b[39m=\u001b[32m\"Ana navigasyon\"\u001b[39m\n      \u001b[33mclass\u001b[39m=\u001b[32m\"fixed left-0 top-0 z-40 h-screen w-64 border-r shadow-xl bg-sidebar border-sidebar-border\"\u001b[39m\n    \u001b[36m>\u001b[39m\n      \u001b[36m<div\u001b[39m\n        \u001b[33mclass\u001b[39m=\u001b[32m\"flex h-16 items-center border-b px-6 border-sidebar-border\"\u001b[39m\n      \u001b[36m>\u001b[39m\n        \u001b[36m<div\u001b[39m\n          \u001b[33mclass\u001b[39m=\u001b[32m\"flex items-center gap-3\"\u001b[39m\n        \u001b[36m>\u001b[39m\n          \u001b[36m<div\u001b[39m\n            \u001b[33mclass\u001b[39m=\u001b[32m\"flex h-8 w-8 items-center justify-center rounded-lg bg-primary text-white shadow-lg shadow-primary/20\"\u001b[39m\n          \u001b[36m>\u001b[39m\n            \u001b[36m<svg\u001b[39m\n              \u001b[33maria-hidden\u001b[39m=\u001b[32m\"true\"\u001b[39m\n              \u001b[33mclass\u001b[39m=\u001b[32m\"lucide lucide-heart h-4 w-4 fill-current\"\u001b[39m\n              \u001b[33mfill\u001b[39m=\u001b[32m\"none\"\u001b[39m\n              \u001b[33mheight\u001b[39m=\u001b[32m\"24\"\u001b[39m\n              \u001b[33mstroke\u001b[39m=\u001b[32m\"currentColor\"\u001b[39m\n              \u001b[33mstroke-linecap\u001b[39m=\u001b[32m\"round\"\u001b[39m\n              \u001b[33mstroke-linejoin\u001b[39m=\u001b[32m\"round\"\u001b[39m\n              \u001b[33mstroke-width\u001b[39m=\u001b[32m\"2\"\u001b[39m\n              \u001b[33mviewBox\u001b[39m=\u001b[32m\"0 0 24 24\"\u001b[39m\n              \u001b[33mwidth\u001b[39m=\u001b[32m\"24\"\u001b[39m\n              \u001b[33mxmlns\u001b[39m=\u001b[32m\"http://www.w3.org/2000/svg\"\u001b[39m\n            \u001b[36m>\u001b[39m\n              \u001b[36m<path\u001b[39m\n                \u001b[33md\u001b[39m=\u001b[32m\"M2 9.5a5.5 5.5 0 0 1 9.591-3.676.56.56 0 0 0 .818 0A5.49 5.49 0 0 1 22 9.5c0 2.29-1.5 4-3 5.5l-5.492 5.313a2 2 0 0 1-3 .019L5 15c-1.5-1.5-3-3.2-3-5.5\"\u001b[39m\n              \u001b[36m/>\u001b[39m\n            \u001b[36m</svg>\u001b[39m\n          \u001b[36m</div>\u001b[39m\n          \u001b[36m<span\u001b[39m\n            \u001b[33mclass\u001b[39m=\u001b[32m\"text-sm font-bold tracking-tight text-white uppercase\"\u001b[39m\n          \u001b[36m>\u001b[39m\n            \u001b[0mYARDIM PANEL─░\u001b[0m\n          \u001b[36m</span>\u001b[39m\n        \u001b[36m</div>\u001b[39m\n      \u001b[36m</div>\u001b[39m\n    \u001b[36m</aside>\u001b[39m\n  \u001b[36m</div>\u001b[39m\n\u001b[36m</body>\u001b[39m\n    at Object.getElementError (C:\\Program Files\\final\\node_modules\\@testing-library\\dom\\dist\\config.js:37:19)\n    at C:\\Program Files\\final\\node_modules\\@testing-library\\dom\\dist\\query-helpers.js:76:38\n    at C:\\Program Files\\final\\node_modules\\@testing-library\\dom\\dist\\query-helpers.js:52:17\n    at C:\\Program Files\\final\\node_modules\\@testing-library\\dom\\dist\\query-helpers.js:95:19\n    at C:/Program Files/final/src/components/layout/__tests__/sidebar.spec.tsx:105:27\n    at file:///C:/Program%20Files/final/node_modules/@vitest/runner/dist/index.js:145:11\n    at file:///C:/Program%20Files/final/node_modules/@vitest/runner/dist/index.js:915:26\n    at file:///C:/Program%20Files/final/node_modules/@vitest/runner/dist/index.js:1243:20\n    at new Promise (<anonymous>)\n    at runWithTimeout (file:///C:/Program%20Files/final/node_modules/@vitest/runner/dist/index.js:1209:10)"],"meta":{}},{"ancestorTitles":["Sidebar","Rendering"],"fullName":"Sidebar Rendering should render group titles when expanded","status":"failed","title":"should render group titles when expanded","duration":1.6903999999999542,"failureMessages":["TestingLibraryElementError: Unable to find an element with the text: Ana Men├╝. This could be because the text is broken up by multiple elements. In this case, you can provide a function for your text matcher to make your matcher more flexible.\n\nIgnored nodes: comments, script, style\n\u001b[36m<body>\u001b[39m\n  \u001b[36m<div>\u001b[39m\n    \u001b[36m<aside\u001b[39m\n      \u001b[33maria-label\u001b[39m=\u001b[32m\"Ana navigasyon\"\u001b[39m\n      \u001b[33mclass\u001b[39m=\u001b[32m\"fixed left-0 top-0 z-40 h-screen w-64 border-r shadow-xl bg-sidebar border-sidebar-border\"\u001b[39m\n    \u001b[36m>\u001b[39m\n      \u001b[36m<div\u001b[39m\n        \u001b[33mclass\u001b[39m=\u001b[32m\"flex h-16 items-center border-b px-6 border-sidebar-border\"\u001b[39m\n      \u001b[36m>\u001b[39m\n        \u001b[36m<div\u001b[39m\n          \u001b[33mclass\u001b[39m=\u001b[32m\"flex items-center gap-3\"\u001b[39m\n        \u001b[36m>\u001b[39m\n          \u001b[36m<div\u001b[39m\n            \u001b[33mclass\u001b[39m=\u001b[32m\"flex h-8 w-8 items-center justify-center rounded-lg bg-primary text-white shadow-lg shadow-primary/20\"\u001b[39m\n          \u001b[36m>\u001b[39m\n            \u001b[36m<svg\u001b[39m\n              \u001b[33maria-hidden\u001b[39m=\u001b[32m\"true\"\u001b[39m\n              \u001b[33mclass\u001b[39m=\u001b[32m\"lucide lucide-heart h-4 w-4 fill-current\"\u001b[39m\n              \u001b[33mfill\u001b[39m=\u001b[32m\"none\"\u001b[39m\n              \u001b[33mheight\u001b[39m=\u001b[32m\"24\"\u001b[39m\n              \u001b[33mstroke\u001b[39m=\u001b[32m\"currentColor\"\u001b[39m\n              \u001b[33mstroke-linecap\u001b[39m=\u001b[32m\"round\"\u001b[39m\n              \u001b[33mstroke-linejoin\u001b[39m=\u001b[32m\"round\"\u001b[39m\n              \u001b[33mstroke-width\u001b[39m=\u001b[32m\"2\"\u001b[39m\n              \u001b[33mviewBox\u001b[39m=\u001b[32m\"0 0 24 24\"\u001b[39m\n              \u001b[33mwidth\u001b[39m=\u001b[32m\"24\"\u001b[39m\n              \u001b[33mxmlns\u001b[39m=\u001b[32m\"http://www.w3.org/2000/svg\"\u001b[39m\n            \u001b[36m>\u001b[39m\n              \u001b[36m<path\u001b[39m\n                \u001b[33md\u001b[39m=\u001b[32m\"M2 9.5a5.5 5.5 0 0 1 9.591-3.676.56.56 0 0 0 .818 0A5.49 5.49 0 0 1 22 9.5c0 2.29-1.5 4-3 5.5l-5.492 5.313a2 2 0 0 1-3 .019L5 15c-1.5-1.5-3-3.2-3-5.5\"\u001b[39m\n              \u001b[36m/>\u001b[39m\n            \u001b[36m</svg>\u001b[39m\n          \u001b[36m</div>\u001b[39m\n          \u001b[36m<span\u001b[39m\n            \u001b[33mclass\u001b[39m=\u001b[32m\"text-sm font-bold tracking-tight text-white uppercase\"\u001b[39m\n          \u001b[36m>\u001b[39m\n            \u001b[0mYARDIM PANEL─░\u001b[0m\n          \u001b[36m</span>\u001b[39m\n        \u001b[36m</div>\u001b[39m\n      \u001b[36m</div>\u001b[39m\n    \u001b[36m</aside>\u001b[39m\n  \u001b[36m</div>\u001b[39m\n\u001b[36m</body>\u001b[39m\n    at Object.getElementError (C:\\Program Files\\final\\node_modules\\@testing-library\\dom\\dist\\config.js:37:19)\n    at C:\\Program Files\\final\\node_modules\\@testing-library\\dom\\dist\\query-helpers.js:76:38\n    at C:\\Program Files\\final\\node_modules\\@testing-library\\dom\\dist\\query-helpers.js:52:17\n    at C:\\Program Files\\final\\node_modules\\@testing-library\\dom\\dist\\query-helpers.js:95:19\n    at C:/Program Files/final/src/components/layout/__tests__/sidebar.spec.tsx:112:27\n    at file:///C:/Program%20Files/final/node_modules/@vitest/runner/dist/index.js:145:11\n    at file:///C:/Program%20Files/final/node_modules/@vitest/runner/dist/index.js:915:26\n    at file:///C:/Program%20Files/final/node_modules/@vitest/runner/dist/index.js:1243:20\n    at new Promise (<anonymous>)\n    at runWithTimeout (file:///C:/Program%20Files/final/node_modules/@vitest/runner/dist/index.js:1209:10)"],"meta":{}},{"ancestorTitles":["Sidebar","Navigation"],"fullName":"Sidebar Navigation should have correct href for menu items","status":"failed","title":"should have correct href for menu items","duration":1.6825000000000045,"failureMessages":["TestingLibraryElementError: Unable to find an element with the text: Dashboard. This could be because the text is broken up by multiple elements. In this case, you can provide a function for your text matcher to make your matcher more flexible.\n\nIgnored nodes: comments, script, style\n\u001b[36m<body>\u001b[39m\n  \u001b[36m<div>\u001b[39m\n    \u001b[36m<aside\u001b[39m\n      \u001b[33maria-label\u001b[39m=\u001b[32m\"Ana navigasyon\"\u001b[39m\n      \u001b[33mclass\u001b[39m=\u001b[32m\"fixed left-0 top-0 z-40 h-screen w-64 border-r shadow-xl bg-sidebar border-sidebar-border\"\u001b[39m\n    \u001b[36m>\u001b[39m\n      \u001b[36m<div\u001b[39m\n        \u001b[33mclass\u001b[39m=\u001b[32m\"flex h-16 items-center border-b px-6 border-sidebar-border\"\u001b[39m\n      \u001b[36m>\u001b[39m\n        \u001b[36m<div\u001b[39m\n          \u001b[33mclass\u001b[39m=\u001b[32m\"flex items-center gap-3\"\u001b[39m\n        \u001b[36m>\u001b[39m\n          \u001b[36m<div\u001b[39m\n            \u001b[33mclass\u001b[39m=\u001b[32m\"flex h-8 w-8 items-center justify-center rounded-lg bg-primary text-white shadow-lg shadow-primary/20\"\u001b[39m\n          \u001b[36m>\u001b[39m\n            \u001b[36m<svg\u001b[39m\n              \u001b[33maria-hidden\u001b[39m=\u001b[32m\"true\"\u001b[39m\n              \u001b[33mclass\u001b[39m=\u001b[32m\"lucide lucide-heart h-4 w-4 fill-current\"\u001b[39m\n              \u001b[33mfill\u001b[39m=\u001b[32m\"none\"\u001b[39m\n              \u001b[33mheight\u001b[39m=\u001b[32m\"24\"\u001b[39m\n              \u001b[33mstroke\u001b[39m=\u001b[32m\"currentColor\"\u001b[39m\n              \u001b[33mstroke-linecap\u001b[39m=\u001b[32m\"round\"\u001b[39m\n              \u001b[33mstroke-linejoin\u001b[39m=\u001b[32m\"round\"\u001b[39m\n              \u001b[33mstroke-width\u001b[39m=\u001b[32m\"2\"\u001b[39m\n              \u001b[33mviewBox\u001b[39m=\u001b[32m\"0 0 24 24\"\u001b[39m\n              \u001b[33mwidth\u001b[39m=\u001b[32m\"24\"\u001b[39m\n              \u001b[33mxmlns\u001b[39m=\u001b[32m\"http://www.w3.org/2000/svg\"\u001b[39m\n            \u001b[36m>\u001b[39m\n              \u001b[36m<path\u001b[39m\n                \u001b[33md\u001b[39m=\u001b[32m\"M2 9.5a5.5 5.5 0 0 1 9.591-3.676.56.56 0 0 0 .818 0A5.49 5.49 0 0 1 22 9.5c0 2.29-1.5 4-3 5.5l-5.492 5.313a2 2 0 0 1-3 .019L5 15c-1.5-1.5-3-3.2-3-5.5\"\u001b[39m\n              \u001b[36m/>\u001b[39m\n            \u001b[36m</svg>\u001b[39m\n          \u001b[36m</div>\u001b[39m\n          \u001b[36m<span\u001b[39m\n            \u001b[33mclass\u001b[39m=\u001b[32m\"text-sm font-bold tracking-tight text-white uppercase\"\u001b[39m\n          \u001b[36m>\u001b[39m\n            \u001b[0mYARDIM PANEL─░\u001b[0m\n          \u001b[36m</span>\u001b[39m\n        \u001b[36m</div>\u001b[39m\n      \u001b[36m</div>\u001b[39m\n    \u001b[36m</aside>\u001b[39m\n  \u001b[36m</div>\u001b[39m\n\u001b[36m</body>\u001b[39m\n    at Object.getElementError (C:\\Program Files\\final\\node_modules\\@testing-library\\dom\\dist\\config.js:37:19)\n    at C:\\Program Files\\final\\node_modules\\@testing-library\\dom\\dist\\query-helpers.js:76:38\n    at C:\\Program Files\\final\\node_modules\\@testing-library\\dom\\dist\\query-helpers.js:52:17\n    at C:\\Program Files\\final\\node_modules\\@testing-library\\dom\\dist\\query-helpers.js:95:19\n    at C:/Program Files/final/src/components/layout/__tests__/sidebar.spec.tsx:124:42\n    at file:///C:/Program%20Files/final/node_modules/@vitest/runner/dist/index.js:145:11\n    at file:///C:/Program%20Files/final/node_modules/@vitest/runner/dist/index.js:915:26\n    at file:///C:/Program%20Files/final/node_modules/@vitest/runner/dist/index.js:1243:20\n    at new Promise (<anonymous>)\n    at runWithTimeout (file:///C:/Program%20Files/final/node_modules/@vitest/runner/dist/index.js:1209:10)"],"meta":{}},{"ancestorTitles":["Sidebar","Navigation"],"fullName":"Sidebar Navigation should mark current page with aria-current","status":"failed","title":"should mark current page with aria-current","duration":1.674199999999928,"failureMessages":["TestingLibraryElementError: Unable to find an element with the text: Dashboard. This could be because the text is broken up by multiple elements. In this case, you can provide a function for your text matcher to make your matcher more flexible.\n\nIgnored nodes: comments, script, style\n\u001b[36m<body>\u001b[39m\n  \u001b[36m<div>\u001b[39m\n    \u001b[36m<aside\u001b[39m\n      \u001b[33maria-label\u001b[39m=\u001b[32m\"Ana navigasyon\"\u001b[39m\n      \u001b[33mclass\u001b[39m=\u001b[32m\"fixed left-0 top-0 z-40 h-screen w-64 border-r shadow-xl bg-sidebar border-sidebar-border\"\u001b[39m\n    \u001b[36m>\u001b[39m\n      \u001b[36m<div\u001b[39m\n        \u001b[33mclass\u001b[39m=\u001b[32m\"flex h-16 items-center border-b px-6 border-sidebar-border\"\u001b[39m\n      \u001b[36m>\u001b[39m\n        \u001b[36m<div\u001b[39m\n          \u001b[33mclass\u001b[39m=\u001b[32m\"flex items-center gap-3\"\u001b[39m\n        \u001b[36m>\u001b[39m\n          \u001b[36m<div\u001b[39m\n            \u001b[33mclass\u001b[39m=\u001b[32m\"flex h-8 w-8 items-center justify-center rounded-lg bg-primary text-white shadow-lg shadow-primary/20\"\u001b[39m\n          \u001b[36m>\u001b[39m\n            \u001b[36m<svg\u001b[39m\n              \u001b[33maria-hidden\u001b[39m=\u001b[32m\"true\"\u001b[39m\n              \u001b[33mclass\u001b[39m=\u001b[32m\"lucide lucide-heart h-4 w-4 fill-current\"\u001b[39m\n              \u001b[33mfill\u001b[39m=\u001b[32m\"none\"\u001b[39m\n              \u001b[33mheight\u001b[39m=\u001b[32m\"24\"\u001b[39m\n              \u001b[33mstroke\u001b[39m=\u001b[32m\"currentColor\"\u001b[39m\n              \u001b[33mstroke-linecap\u001b[39m=\u001b[32m\"round\"\u001b[39m\n              \u001b[33mstroke-linejoin\u001b[39m=\u001b[32m\"round\"\u001b[39m\n              \u001b[33mstroke-width\u001b[39m=\u001b[32m\"2\"\u001b[39m\n              \u001b[33mviewBox\u001b[39m=\u001b[32m\"0 0 24 24\"\u001b[39m\n              \u001b[33mwidth\u001b[39m=\u001b[32m\"24\"\u001b[39m\n              \u001b[33mxmlns\u001b[39m=\u001b[32m\"http://www.w3.org/2000/svg\"\u001b[39m\n            \u001b[36m>\u001b[39m\n              \u001b[36m<path\u001b[39m\n                \u001b[33md\u001b[39m=\u001b[32m\"M2 9.5a5.5 5.5 0 0 1 9.591-3.676.56.56 0 0 0 .818 0A5.49 5.49 0 0 1 22 9.5c0 2.29-1.5 4-3 5.5l-5.492 5.313a2 2 0 0 1-3 .019L5 15c-1.5-1.5-3-3.2-3-5.5\"\u001b[39m\n              \u001b[36m/>\u001b[39m\n            \u001b[36m</svg>\u001b[39m\n          \u001b[36m</div>\u001b[39m\n          \u001b[36m<span\u001b[39m\n            \u001b[33mclass\u001b[39m=\u001b[32m\"text-sm font-bold tracking-tight text-white uppercase\"\u001b[39m\n          \u001b[36m>\u001b[39m\n            \u001b[0mYARDIM PANEL─░\u001b[0m\n          \u001b[36m</span>\u001b[39m\n        \u001b[36m</div>\u001b[39m\n      \u001b[36m</div>\u001b[39m\n    \u001b[36m</aside>\u001b[39m\n  \u001b[36m</div>\u001b[39m\n\u001b[36m</body>\u001b[39m\n    at Object.getElementError (C:\\Program Files\\final\\node_modules\\@testing-library\\dom\\dist\\config.js:37:19)\n    at C:\\Program Files\\final\\node_modules\\@testing-library\\dom\\dist\\query-helpers.js:76:38\n    at C:\\Program Files\\final\\node_modules\\@testing-library\\dom\\dist\\query-helpers.js:52:17\n    at C:\\Program Files\\final\\node_modules\\@testing-library\\dom\\dist\\query-helpers.js:95:19\n    at C:/Program Files/final/src/components/layout/__tests__/sidebar.spec.tsx:132:39\n    at file:///C:/Program%20Files/final/node_modules/@vitest/runner/dist/index.js:145:11\n    at file:///C:/Program%20Files/final/node_modules/@vitest/runner/dist/index.js:915:26\n    at file:///C:/Program%20Files/final/node_modules/@vitest/runner/dist/index.js:1243:20\n    at new Promise (<anonymous>)\n    at runWithTimeout (file:///C:/Program%20Files/final/node_modules/@vitest/runner/dist/index.js:1209:10)"],"meta":{}},{"ancestorTitles":["Sidebar","Navigation"],"fullName":"Sidebar Navigation should not mark non-active pages with aria-current","status":"failed","title":"should not mark non-active pages with aria-current","duration":1.4300000000000637,"failureMessages":["TestingLibraryElementError: Unable to find an element with the text: Kullan─▒c─▒lar. This could be because the text is broken up by multiple elements. In this case, you can provide a function for your text matcher to make your matcher more flexible.\n\nIgnored nodes: comments, script, style\n\u001b[36m<body>\u001b[39m\n  \u001b[36m<div>\u001b[39m\n    \u001b[36m<aside\u001b[39m\n      \u001b[33maria-label\u001b[39m=\u001b[32m\"Ana navigasyon\"\u001b[39m\n      \u001b[33mclass\u001b[39m=\u001b[32m\"fixed left-0 top-0 z-40 h-screen w-64 border-r shadow-xl bg-sidebar border-sidebar-border\"\u001b[39m\n    \u001b[36m>\u001b[39m\n      \u001b[36m<div\u001b[39m\n        \u001b[33mclass\u001b[39m=\u001b[32m\"flex h-16 items-center border-b px-6 border-sidebar-border\"\u001b[39m\n      \u001b[36m>\u001b[39m\n        \u001b[36m<div\u001b[39m\n          \u001b[33mclass\u001b[39m=\u001b[32m\"flex items-center gap-3\"\u001b[39m\n        \u001b[36m>\u001b[39m\n          \u001b[36m<div\u001b[39m\n            \u001b[33mclass\u001b[39m=\u001b[32m\"flex h-8 w-8 items-center justify-center rounded-lg bg-primary text-white shadow-lg shadow-primary/20\"\u001b[39m\n          \u001b[36m>\u001b[39m\n            \u001b[36m<svg\u001b[39m\n              \u001b[33maria-hidden\u001b[39m=\u001b[32m\"true\"\u001b[39m\n              \u001b[33mclass\u001b[39m=\u001b[32m\"lucide lucide-heart h-4 w-4 fill-current\"\u001b[39m\n              \u001b[33mfill\u001b[39m=\u001b[32m\"none\"\u001b[39m\n              \u001b[33mheight\u001b[39m=\u001b[32m\"24\"\u001b[39m\n              \u001b[33mstroke\u001b[39m=\u001b[32m\"currentColor\"\u001b[39m\n              \u001b[33mstroke-linecap\u001b[39m=\u001b[32m\"round\"\u001b[39m\n              \u001b[33mstroke-linejoin\u001b[39m=\u001b[32m\"round\"\u001b[39m\n              \u001b[33mstroke-width\u001b[39m=\u001b[32m\"2\"\u001b[39m\n              \u001b[33mviewBox\u001b[39m=\u001b[32m\"0 0 24 24\"\u001b[39m\n              \u001b[33mwidth\u001b[39m=\u001b[32m\"24\"\u001b[39m\n              \u001b[33mxmlns\u001b[39m=\u001b[32m\"http://www.w3.org/2000/svg\"\u001b[39m\n            \u001b[36m>\u001b[39m\n              \u001b[36m<path\u001b[39m\n                \u001b[33md\u001b[39m=\u001b[32m\"M2 9.5a5.5 5.5 0 0 1 9.591-3.676.56.56 0 0 0 .818 0A5.49 5.49 0 0 1 22 9.5c0 2.29-1.5 4-3 5.5l-5.492 5.313a2 2 0 0 1-3 .019L5 15c-1.5-1.5-3-3.2-3-5.5\"\u001b[39m\n              \u001b[36m/>\u001b[39m\n            \u001b[36m</svg>\u001b[39m\n          \u001b[36m</div>\u001b[39m\n          \u001b[36m<span\u001b[39m\n            \u001b[33mclass\u001b[39m=\u001b[32m\"text-sm font-bold tracking-tight text-white uppercase\"\u001b[39m\n          \u001b[36m>\u001b[39m\n            \u001b[0mYARDIM PANEL─░\u001b[0m\n          \u001b[36m</span>\u001b[39m\n        \u001b[36m</div>\u001b[39m\n      \u001b[36m</div>\u001b[39m\n    \u001b[36m</aside>\u001b[39m\n  \u001b[36m</div>\u001b[39m\n\u001b[36m</body>\u001b[39m\n    at Object.getElementError (C:\\Program Files\\final\\node_modules\\@testing-library\\dom\\dist\\config.js:37:19)\n    at C:\\Program Files\\final\\node_modules\\@testing-library\\dom\\dist\\query-helpers.js:76:38\n    at C:\\Program Files\\final\\node_modules\\@testing-library\\dom\\dist\\query-helpers.js:52:17\n    at C:\\Program Files\\final\\node_modules\\@testing-library\\dom\\dist\\query-helpers.js:95:19\n    at C:/Program Files/final/src/components/layout/__tests__/sidebar.spec.tsx:140:41\n    at file:///C:/Program%20Files/final/node_modules/@vitest/runner/dist/index.js:145:11\n    at file:///C:/Program%20Files/final/node_modules/@vitest/runner/dist/index.js:915:26\n    at file:///C:/Program%20Files/final/node_modules/@vitest/runner/dist/index.js:1243:20\n    at new Promise (<anonymous>)\n    at runWithTimeout (file:///C:/Program%20Files/final/node_modules/@vitest/runner/dist/index.js:1209:10)"],"meta":{}},{"ancestorTitles":["Sidebar","Collapse/Expand Functionality"],"fullName":"Sidebar Collapse/Expand Functionality should call toggleSidebar when collapse button is clicked","status":"failed","title":"should call toggleSidebar when collapse button is clicked","duration":10.067999999999984,"failureMessages":["TestingLibraryElementError: Unable to find an accessible element with the role \"button\"\n\nHere are the accessible roles:\n\n  complementary:\n\n  Name \"Ana navigasyon\":\n  \u001b[36m<aside\u001b[39m\n    \u001b[33maria-label\u001b[39m=\u001b[32m\"Ana navigasyon\"\u001b[39m\n    \u001b[33mclass\u001b[39m=\u001b[32m\"fixed left-0 top-0 z-40 h-screen w-64 border-r shadow-xl bg-sidebar border-sidebar-border\"\u001b[39m\n  \u001b[36m/>\u001b[39m\n\n  --------------------------------------------------\n\nIgnored nodes: comments, script, style\n\u001b[36m<body>\u001b[39m\n  \u001b[36m<div>\u001b[39m\n    \u001b[36m<aside\u001b[39m\n      \u001b[33maria-label\u001b[39m=\u001b[32m\"Ana navigasyon\"\u001b[39m\n      \u001b[33mclass\u001b[39m=\u001b[32m\"fixed left-0 top-0 z-40 h-screen w-64 border-r shadow-xl bg-sidebar border-sidebar-border\"\u001b[39m\n    \u001b[36m>\u001b[39m\n      \u001b[36m<div\u001b[39m\n        \u001b[33mclass\u001b[39m=\u001b[32m\"flex h-16 items-center border-b px-6 border-sidebar-border\"\u001b[39m\n      \u001b[36m>\u001b[39m\n        \u001b[36m<div\u001b[39m\n          \u001b[33mclass\u001b[39m=\u001b[32m\"flex items-center gap-3\"\u001b[39m\n        \u001b[36m>\u001b[39m\n          \u001b[36m<div\u001b[39m\n            \u001b[33mclass\u001b[39m=\u001b[32m\"flex h-8 w-8 items-center justify-center rounded-lg bg-primary text-white shadow-lg shadow-primary/20\"\u001b[39m\n          \u001b[36m>\u001b[39m\n            \u001b[36m<svg\u001b[39m\n              \u001b[33maria-hidden\u001b[39m=\u001b[32m\"true\"\u001b[39m\n              \u001b[33mclass\u001b[39m=\u001b[32m\"lucide lucide-heart h-4 w-4 fill-current\"\u001b[39m\n              \u001b[33mfill\u001b[39m=\u001b[32m\"none\"\u001b[39m\n              \u001b[33mheight\u001b[39m=\u001b[32m\"24\"\u001b[39m\n              \u001b[33mstroke\u001b[39m=\u001b[32m\"currentColor\"\u001b[39m\n              \u001b[33mstroke-linecap\u001b[39m=\u001b[32m\"round\"\u001b[39m\n              \u001b[33mstroke-linejoin\u001b[39m=\u001b[32m\"round\"\u001b[39m\n              \u001b[33mstroke-width\u001b[39m=\u001b[32m\"2\"\u001b[39m\n              \u001b[33mviewBox\u001b[39m=\u001b[32m\"0 0 24 24\"\u001b[39m\n              \u001b[33mwidth\u001b[39m=\u001b[32m\"24\"\u001b[39m\n              \u001b[33mxmlns\u001b[39m=\u001b[32m\"http://www.w3.org/2000/svg\"\u001b[39m\n            \u001b[36m>\u001b[39m\n              \u001b[36m<path\u001b[39m\n                \u001b[33md\u001b[39m=\u001b[32m\"M2 9.5a5.5 5.5 0 0 1 9.591-3.676.56.56 0 0 0 .818 0A5.49 5.49 0 0 1 22 9.5c0 2.29-1.5 4-3 5.5l-5.492 5.313a2 2 0 0 1-3 .019L5 15c-1.5-1.5-3-3.2-3-5.5\"\u001b[39m\n              \u001b[36m/>\u001b[39m\n            \u001b[36m</svg>\u001b[39m\n          \u001b[36m</div>\u001b[39m\n          \u001b[36m<span\u001b[39m\n            \u001b[33mclass\u001b[39m=\u001b[32m\"text-sm font-bold tracking-tight text-white uppercase\"\u001b[39m\n          \u001b[36m>\u001b[39m\n            \u001b[0mYARDIM PANEL─░\u001b[0m\n          \u001b[36m</span>\u001b[39m\n        \u001b[36m</div>\u001b[39m\n      \u001b[36m</div>\u001b[39m\n    \u001b[36m</aside>\u001b[39m\n  \u001b[36m</div>\u001b[39m\n\u001b[36m</body>\u001b[39m\n    at Object.getElementError (C:\\Program Files\\final\\node_modules\\@testing-library\\dom\\dist\\config.js:37:19)\n    at C:\\Program Files\\final\\node_modules\\@testing-library\\dom\\dist\\query-helpers.js:76:38\n    at C:\\Program Files\\final\\node_modules\\@testing-library\\dom\\dist\\query-helpers.js:109:15\n    at C:/Program Files/final/src/components/layout/__tests__/sidebar.spec.tsx:153:43\n    at file:///C:/Program%20Files/final/node_modules/@vitest/runner/dist/index.js:145:11\n    at file:///C:/Program%20Files/final/node_modules/@vitest/runner/dist/index.js:915:26\n    at file:///C:/Program%20Files/final/node_modules/@vitest/runner/dist/index.js:1243:20\n    at new Promise (<anonymous>)\n    at runWithTimeout (file:///C:/Program%20Files/final/node_modules/@vitest/runner/dist/index.js:1209:10)\n    at file:///C:/Program%20Files/final/node_modules/@vitest/runner/dist/index.js:1653:37"],"meta":{}},{"ancestorTitles":["Sidebar","Collapse/Expand Functionality"],"fullName":"Sidebar Collapse/Expand Functionality should show expanded width when not collapsed","status":"passed","title":"should show expanded width when not collapsed","duration":1.828899999999976,"failureMessages":[],"meta":{}},{"ancestorTitles":["Sidebar","Collapse/Expand Functionality"],"fullName":"Sidebar Collapse/Expand Functionality should show collapsed width when collapsed","status":"failed","title":"should show collapsed width when collapsed","duration":3.105000000000018,"failureMessages":["AssertionError: expected 'fixed left-0 top-0 z-40 h-screen w-64ΓÇª' to contain 'w-20'\n    at C:/Program Files/final/src/components/layout/__tests__/sidebar.spec.tsx:173:39\n    at file:///C:/Program%20Files/final/node_modules/@vitest/runner/dist/index.js:145:11\n    at file:///C:/Program%20Files/final/node_modules/@vitest/runner/dist/index.js:915:26\n    at file:///C:/Program%20Files/final/node_modules/@vitest/runner/dist/index.js:1243:20\n    at new Promise (<anonymous>)\n    at runWithTimeout (file:///C:/Program%20Files/final/node_modules/@vitest/runner/dist/index.js:1209:10)\n    at file:///C:/Program%20Files/final/node_modules/@vitest/runner/dist/index.js:1653:37\n    at Traces.$ (file:///C:/Program%20Files/final/node_modules/vitest/dist/chunks/traces.CCmnQaNT.js:142:27)\n    at trace (file:///C:/Program%20Files/final/node_modules/vitest/dist/chunks/test.B8ej_ZHS.js:239:21)\n    at runTest (file:///C:/Program%20Files/final/node_modules/@vitest/runner/dist/index.js:1653:12)"],"meta":{}},{"ancestorTitles":["Sidebar","Collapse/Expand Functionality"],"fullName":"Sidebar Collapse/Expand Functionality should hide group titles when collapsed","status":"passed","title":"should hide group titles when collapsed","duration":1.2042000000000144,"failureMessages":[],"meta":{}},{"ancestorTitles":["Sidebar","Collapse/Expand Functionality"],"fullName":"Sidebar Collapse/Expand Functionality should have settings link accessible when collapsed","status":"failed","title":"should have settings link accessible when collapsed","duration":1.4100000000000819,"failureMessages":["TestingLibraryElementError: Unable to find a label with the text of: Ayarlar\n\nIgnored nodes: comments, script, style\n\u001b[36m<body>\u001b[39m\n  \u001b[36m<div>\u001b[39m\n    \u001b[36m<aside\u001b[39m\n      \u001b[33maria-label\u001b[39m=\u001b[32m\"Ana navigasyon\"\u001b[39m\n      \u001b[33mclass\u001b[39m=\u001b[32m\"fixed left-0 top-0 z-40 h-screen w-64 border-r shadow-xl bg-sidebar border-sidebar-border\"\u001b[39m\n    \u001b[36m>\u001b[39m\n      \u001b[36m<div\u001b[39m\n        \u001b[33mclass\u001b[39m=\u001b[32m\"flex h-16 items-center border-b px-6 border-sidebar-border\"\u001b[39m\n      \u001b[36m>\u001b[39m\n        \u001b[36m<div\u001b[39m\n          \u001b[33mclass\u001b[39m=\u001b[32m\"flex items-center gap-3\"\u001b[39m\n        \u001b[36m>\u001b[39m\n          \u001b[36m<div\u001b[39m\n            \u001b[33mclass\u001b[39m=\u001b[32m\"flex h-8 w-8 items-center justify-center rounded-lg bg-primary text-white shadow-lg shadow-primary/20\"\u001b[39m\n          \u001b[36m>\u001b[39m\n            \u001b[36m<svg\u001b[39m\n              \u001b[33maria-hidden\u001b[39m=\u001b[32m\"true\"\u001b[39m\n              \u001b[33mclass\u001b[39m=\u001b[32m\"lucide lucide-heart h-4 w-4 fill-current\"\u001b[39m\n              \u001b[33mfill\u001b[39m=\u001b[32m\"none\"\u001b[39m\n              \u001b[33mheight\u001b[39m=\u001b[32m\"24\"\u001b[39m\n              \u001b[33mstroke\u001b[39m=\u001b[32m\"currentColor\"\u001b[39m\n              \u001b[33mstroke-linecap\u001b[39m=\u001b[32m\"round\"\u001b[39m\n              \u001b[33mstroke-linejoin\u001b[39m=\u001b[32m\"round\"\u001b[39m\n              \u001b[33mstroke-width\u001b[39m=\u001b[32m\"2\"\u001b[39m\n              \u001b[33mviewBox\u001b[39m=\u001b[32m\"0 0 24 24\"\u001b[39m\n              \u001b[33mwidth\u001b[39m=\u001b[32m\"24\"\u001b[39m\n              \u001b[33mxmlns\u001b[39m=\u001b[32m\"http://www.w3.org/2000/svg\"\u001b[39m\n            \u001b[36m>\u001b[39m\n              \u001b[36m<path\u001b[39m\n                \u001b[33md\u001b[39m=\u001b[32m\"M2 9.5a5.5 5.5 0 0 1 9.591-3.676.56.56 0 0 0 .818 0A5.49 5.49 0 0 1 22 9.5c0 2.29-1.5 4-3 5.5l-5.492 5.313a2 2 0 0 1-3 .019L5 15c-1.5-1.5-3-3.2-3-5.5\"\u001b[39m\n              \u001b[36m/>\u001b[39m\n            \u001b[36m</svg>\u001b[39m\n          \u001b[36m</div>\u001b[39m\n          \u001b[36m<span\u001b[39m\n            \u001b[33mclass\u001b[39m=\u001b[32m\"text-sm font-bold tracking-tight text-white uppercase\"\u001b[39m\n          \u001b[36m>\u001b[39m\n            \u001b[0mYARDIM PANEL─░\u001b[0m\n          \u001b[36m</span>\u001b[39m\n        \u001b[36m</div>\u001b[39m\n      \u001b[36m</div>\u001b[39m\n    \u001b[36m</aside>\u001b[39m\n  \u001b[36m</div>\u001b[39m\n\u001b[36m</body>\u001b[39m\n    at Object.getElementError (C:\\Program Files\\final\\node_modules\\@testing-library\\dom\\dist\\config.js:37:19)\n    at getAllByLabelText (C:\\Program Files\\final\\node_modules\\@testing-library\\dom\\dist\\queries\\label-text.js:111:38)\n    at C:\\Program Files\\final\\node_modules\\@testing-library\\dom\\dist\\query-helpers.js:52:17\n    at C:\\Program Files\\final\\node_modules\\@testing-library\\dom\\dist\\query-helpers.js:95:19\n    at C:/Program Files/final/src/components/layout/__tests__/sidebar.spec.tsx:189:41\n    at file:///C:/Program%20Files/final/node_modules/@vitest/runner/dist/index.js:145:11\n    at file:///C:/Program%20Files/final/node_modules/@vitest/runner/dist/index.js:915:26\n    at file:///C:/Program%20Files/final/node_modules/@vitest/runner/dist/index.js:1243:20\n    at new Promise (<anonymous>)\n    at runWithTimeout (file:///C:/Program%20Files/final/node_modules/@vitest/runner/dist/index.js:1209:10)"],"meta":{}},{"ancestorTitles":["Sidebar","Accessibility"],"fullName":"Sidebar Accessibility should have accessible name for sidebar","status":"passed","title":"should have accessible name for sidebar","duration":0.9520999999999731,"failureMessages":[],"meta":{}},{"ancestorTitles":["Sidebar","Accessibility"],"fullName":"Sidebar Accessibility should have aria-labels on collapsed menu items","status":"failed","title":"should have aria-labels on collapsed menu items","duration":8.847100000000069,"failureMessages":["TestingLibraryElementError: Unable to find an accessible element with the role \"link\"\n\nHere are the accessible roles:\n\n  complementary:\n\n  Name \"Ana navigasyon\":\n  \u001b[36m<aside\u001b[39m\n    \u001b[33maria-label\u001b[39m=\u001b[32m\"Ana navigasyon\"\u001b[39m\n    \u001b[33mclass\u001b[39m=\u001b[32m\"fixed left-0 top-0 z-40 h-screen w-64 border-r shadow-xl bg-sidebar border-sidebar-border\"\u001b[39m\n  \u001b[36m/>\u001b[39m\n\n  --------------------------------------------------\n\nIgnored nodes: comments, script, style\n\u001b[36m<body>\u001b[39m\n  \u001b[36m<div>\u001b[39m\n    \u001b[36m<aside\u001b[39m\n      \u001b[33maria-label\u001b[39m=\u001b[32m\"Ana navigasyon\"\u001b[39m\n      \u001b[33mclass\u001b[39m=\u001b[32m\"fixed left-0 top-0 z-40 h-screen w-64 border-r shadow-xl bg-sidebar border-sidebar-border\"\u001b[39m\n    \u001b[36m>\u001b[39m\n      \u001b[36m<div\u001b[39m\n        \u001b[33mclass\u001b[39m=\u001b[32m\"flex h-16 items-center border-b px-6 border-sidebar-border\"\u001b[39m\n      \u001b[36m>\u001b[39m\n        \u001b[36m<div\u001b[39m\n          \u001b[33mclass\u001b[39m=\u001b[32m\"flex items-center gap-3\"\u001b[39m\n        \u001b[36m>\u001b[39m\n          \u001b[36m<div\u001b[39m\n            \u001b[33mclass\u001b[39m=\u001b[32m\"flex h-8 w-8 items-center justify-center rounded-lg bg-primary text-white shadow-lg shadow-primary/20\"\u001b[39m\n          \u001b[36m>\u001b[39m\n            \u001b[36m<svg\u001b[39m\n              \u001b[33maria-hidden\u001b[39m=\u001b[32m\"true\"\u001b[39m\n              \u001b[33mclass\u001b[39m=\u001b[32m\"lucide lucide-heart h-4 w-4 fill-current\"\u001b[39m\n              \u001b[33mfill\u001b[39m=\u001b[32m\"none\"\u001b[39m\n              \u001b[33mheight\u001b[39m=\u001b[32m\"24\"\u001b[39m\n              \u001b[33mstroke\u001b[39m=\u001b[32m\"currentColor\"\u001b[39m\n              \u001b[33mstroke-linecap\u001b[39m=\u001b[32m\"round\"\u001b[39m\n              \u001b[33mstroke-linejoin\u001b[39m=\u001b[32m\"round\"\u001b[39m\n              \u001b[33mstroke-width\u001b[39m=\u001b[32m\"2\"\u001b[39m\n              \u001b[33mviewBox\u001b[39m=\u001b[32m\"0 0 24 24\"\u001b[39m\n              \u001b[33mwidth\u001b[39m=\u001b[32m\"24\"\u001b[39m\n              \u001b[33mxmlns\u001b[39m=\u001b[32m\"http://www.w3.org/2000/svg\"\u001b[39m\n            \u001b[36m>\u001b[39m\n              \u001b[36m<path\u001b[39m\n                \u001b[33md\u001b[39m=\u001b[32m\"M2 9.5a5.5 5.5 0 0 1 9.591-3.676.56.56 0 0 0 .818 0A5.49 5.49 0 0 1 22 9.5c0 2.29-1.5 4-3 5.5l-5.492 5.313a2 2 0 0 1-3 .019L5 15c-1.5-1.5-3-3.2-3-5.5\"\u001b[39m\n              \u001b[36m/>\u001b[39m\n            \u001b[36m</svg>\u001b[39m\n          \u001b[36m</div>\u001b[39m\n          \u001b[36m<span\u001b[39m\n            \u001b[33mclass\u001b[39m=\u001b[32m\"text-sm font-bold tracking-tight text-white uppercase\"\u001b[39m\n          \u001b[36m>\u001b[39m\n            \u001b[0mYARDIM PANEL─░\u001b[0m\n          \u001b[36m</span>\u001b[39m\n        \u001b[36m</div>\u001b[39m\n      \u001b[36m</div>\u001b[39m\n    \u001b[36m</aside>\u001b[39m\n  \u001b[36m</div>\u001b[39m\n\u001b[36m</body>\u001b[39m\n    at Object.getElementError (C:\\Program Files\\final\\node_modules\\@testing-library\\dom\\dist\\config.js:37:19)\n    at C:\\Program Files\\final\\node_modules\\@testing-library\\dom\\dist\\query-helpers.js:76:38\n    at C:\\Program Files\\final\\node_modules\\@testing-library\\dom\\dist\\query-helpers.js:109:15\n    at C:/Program Files/final/src/components/layout/__tests__/sidebar.spec.tsx:210:38\n    at file:///C:/Program%20Files/final/node_modules/@vitest/runner/dist/index.js:145:11\n    at file:///C:/Program%20Files/final/node_modules/@vitest/runner/dist/index.js:915:26\n    at file:///C:/Program%20Files/final/node_modules/@vitest/runner/dist/index.js:1243:20\n    at new Promise (<anonymous>)\n    at runWithTimeout (file:///C:/Program%20Files/final/node_modules/@vitest/runner/dist/index.js:1209:10)\n    at file:///C:/Program%20Files/final/node_modules/@vitest/runner/dist/index.js:1653:37"],"meta":{}},{"ancestorTitles":["Sidebar","Accessibility"],"fullName":"Sidebar Accessibility should have proper landmark role","status":"failed","title":"should have proper landmark role","duration":8.85069999999996,"failureMessages":["TestingLibraryElementError: Unable to find an accessible element with the role \"navigation\"\n\nHere are the accessible roles:\n\n  complementary:\n\n  Name \"Ana navigasyon\":\n  \u001b[36m<aside\u001b[39m\n    \u001b[33maria-label\u001b[39m=\u001b[32m\"Ana navigasyon\"\u001b[39m\n    \u001b[33mclass\u001b[39m=\u001b[32m\"fixed left-0 top-0 z-40 h-screen w-64 border-r shadow-xl bg-sidebar border-sidebar-border\"\u001b[39m\n  \u001b[36m/>\u001b[39m\n\n  --------------------------------------------------\n\nIgnored nodes: comments, script, style\n\u001b[36m<body>\u001b[39m\n  \u001b[36m<div>\u001b[39m\n    \u001b[36m<aside\u001b[39m\n      \u001b[33maria-label\u001b[39m=\u001b[32m\"Ana navigasyon\"\u001b[39m\n      \u001b[33mclass\u001b[39m=\u001b[32m\"fixed left-0 top-0 z-40 h-screen w-64 border-r shadow-xl bg-sidebar border-sidebar-border\"\u001b[39m\n    \u001b[36m>\u001b[39m\n      \u001b[36m<div\u001b[39m\n        \u001b[33mclass\u001b[39m=\u001b[32m\"flex h-16 items-center border-b px-6 border-sidebar-border\"\u001b[39m\n      \u001b[36m>\u001b[39m\n        \u001b[36m<div\u001b[39m\n          \u001b[33mclass\u001b[39m=\u001b[32m\"flex items-center gap-3\"\u001b[39m\n        \u001b[36m>\u001b[39m\n          \u001b[36m<div\u001b[39m\n            \u001b[33mclass\u001b[39m=\u001b[32m\"flex h-8 w-8 items-center justify-center rounded-lg bg-primary text-white shadow-lg shadow-primary/20\"\u001b[39m\n          \u001b[36m>\u001b[39m\n            \u001b[36m<svg\u001b[39m\n              \u001b[33maria-hidden\u001b[39m=\u001b[32m\"true\"\u001b[39m\n              \u001b[33mclass\u001b[39m=\u001b[32m\"lucide lucide-heart h-4 w-4 fill-current\"\u001b[39m\n              \u001b[33mfill\u001b[39m=\u001b[32m\"none\"\u001b[39m\n              \u001b[33mheight\u001b[39m=\u001b[32m\"24\"\u001b[39m\n              \u001b[33mstroke\u001b[39m=\u001b[32m\"currentColor\"\u001b[39m\n              \u001b[33mstroke-linecap\u001b[39m=\u001b[32m\"round\"\u001b[39m\n              \u001b[33mstroke-linejoin\u001b[39m=\u001b[32m\"round\"\u001b[39m\n              \u001b[33mstroke-width\u001b[39m=\u001b[32m\"2\"\u001b[39m\n              \u001b[33mviewBox\u001b[39m=\u001b[32m\"0 0 24 24\"\u001b[39m\n              \u001b[33mwidth\u001b[39m=\u001b[32m\"24\"\u001b[39m\n              \u001b[33mxmlns\u001b[39m=\u001b[32m\"http://www.w3.org/2000/svg\"\u001b[39m\n            \u001b[36m>\u001b[39m\n              \u001b[36m<path\u001b[39m\n                \u001b[33md\u001b[39m=\u001b[32m\"M2 9.5a5.5 5.5 0 0 1 9.591-3.676.56.56 0 0 0 .818 0A5.49 5.49 0 0 1 22 9.5c0 2.29-1.5 4-3 5.5l-5.492 5.313a2 2 0 0 1-3 .019L5 15c-1.5-1.5-3-3.2-3-5.5\"\u001b[39m\n              \u001b[36m/>\u001b[39m\n            \u001b[36m</svg>\u001b[39m\n          \u001b[36m</div>\u001b[39m\n          \u001b[36m<span\u001b[39m\n            \u001b[33mclass\u001b[39m=\u001b[32m\"text-sm font-bold tracking-tight text-white uppercase\"\u001b[39m\n          \u001b[36m>\u001b[39m\n            \u001b[0mYARDIM PANEL─░\u001b[0m\n          \u001b[36m</span>\u001b[39m\n        \u001b[36m</div>\u001b[39m\n      \u001b[36m</div>\u001b[39m\n    \u001b[36m</aside>\u001b[39m\n  \u001b[36m</div>\u001b[39m\n\u001b[36m</body>\u001b[39m\n    at Object.getElementError (C:\\Program Files\\final\\node_modules\\@testing-library\\dom\\dist\\config.js:37:19)\n    at C:\\Program Files\\final\\node_modules\\@testing-library\\dom\\dist\\query-helpers.js:76:38\n    at C:\\Program Files\\final\\node_modules\\@testing-library\\dom\\dist\\query-helpers.js:52:17\n    at C:\\Program Files\\final\\node_modules\\@testing-library\\dom\\dist\\query-helpers.js:95:19\n    at C:/Program Files/final/src/components/layout/__tests__/sidebar.spec.tsx:220:27\n    at file:///C:/Program%20Files/final/node_modules/@vitest/runner/dist/index.js:145:11\n    at file:///C:/Program%20Files/final/node_modules/@vitest/runner/dist/index.js:915:26\n    at file:///C:/Program%20Files/final/node_modules/@vitest/runner/dist/index.js:1243:20\n    at new Promise (<anonymous>)\n    at runWithTimeout (file:///C:/Program%20Files/final/node_modules/@vitest/runner/dist/index.js:1209:10)"],"meta":{}},{"ancestorTitles":["Sidebar","Loading State (Pre-mount)"],"fullName":"Sidebar Loading State (Pre-mount) should render skeleton sidebar before mount","status":"passed","title":"should render skeleton sidebar before mount","duration":1.178700000000049,"failureMessages":[],"meta":{}}],"startTime":1769432821478,"endTime":1769432821617.1787,"status":"failed","message":"","name":"C:/Program Files/final/src/components/layout/__tests__/sidebar.spec.tsx"}]}
